
> my-docs@0.0.1 build
> astro build

07:56:37 [vite] Re-optimizing dependencies because vite config has changed
07:56:37 [content] Syncing content
07:56:39 [content] Synced content
07:56:39 [types] Generated 2.78s
07:56:39 [build] output: "static"
07:56:39 [build] mode: "static"
07:56:39 [build] directory: C:\my_docs\dist\
07:56:39 [build] Collecting build info...
07:56:39 [build] ✓ Completed in 3.01s.
07:56:40 [build] Building static entrypoints...
07:56:52 [WARN] [vite] [33m[MODULE_LEVEL_DIRECTIVE] [0mThe semantics of the module level directive "use astro:head-inject" in "src/content/docs/index.mdx?astroPropagatedAssets" may not be preserved when bundling.
   [38;5;246m╭[0m[38;5;246m─[0m[38;5;246m[[0m src/content/docs/index.mdx?astroPropagatedAssets:2:6 [38;5;246m][0m
   [38;5;246m│[0m
 [38;5;246m2 │[0m [38;5;249m [0m[38;5;249m [0m[38;5;249m [0m[38;5;249m [0m[38;5;249m [0m[38;5;249m [0m[38;5;249m [0m[38;5;249m [0m[38;5;249m [0m[38;5;249m [0m[38;5;249m [0m[38;5;249m [0m[38;5;249m [0m[38;5;249m [0m"use astro:head-inject";
 [38;5;240m  │[0m               ────────────┬───────────  
 [38;5;240m  │[0m                           ╰───────────── module level directive may not be preserved
 [38;5;240m  │[0m 
 [38;5;240m  │[0m [38;5;115mHelp[0m: For more information, see https://rolldown.rs/in-depth/directives#other-directives
[38;5;246m───╯[0m

07:56:52 [WARN] [vite] [33m[MODULE_LEVEL_DIRECTIVE] [0mThe semantics of the module level directive "use astro:head-inject" in "src/content/docs/en/index.mdx?astroPropagatedAssets" may not be preserved when bundling.
   [38;5;246m╭[0m[38;5;246m─[0m[38;5;246m[[0m src/content/docs/en/index.mdx?astroPropagatedAssets:2:6 [38;5;246m][0m
   [38;5;246m│[0m
 [38;5;246m2 │[0m [38;5;249m [0m[38;5;249m [0m[38;5;249m [0m[38;5;249m [0m[38;5;249m [0m[38;5;249m [0m[38;5;249m [0m[38;5;249m [0m[38;5;249m [0m[38;5;249m [0m[38;5;249m [0m[38;5;249m [0m[38;5;249m [0m[38;5;249m [0m"use astro:head-inject";
 [38;5;240m  │[0m               ────────────┬───────────  
 [38;5;240m  │[0m                           ╰───────────── module level directive may not be preserved
 [38;5;240m  │[0m 
 [38;5;240m  │[0m [38;5;115mHelp[0m: For more information, see https://rolldown.rs/in-depth/directives#other-directives
[38;5;246m───╯[0m

07:56:52 [vite] ✓ built in 11.76s
07:56:52 [vite] ✓ built in 173ms
07:56:52 [build] Rearranging server assets...

 generating static routes 
07:56:52   ├─ /404.html07:56:52 [WARN] [content] Entry docs → 404 was not found.
 (+53ms) 
07:56:52   ├─ /downloads/omar-dev-notes-complete.pdf (+295ms) 
07:56:53   ├─ /print/all/index.html (+100ms) 
07:56:53   ├─ /auth/index.html (+23ms) 
07:56:53   ├─ /auth/01-session-security/index.html (+14ms) 
07:56:53   ├─ /auth/02-input-validation/index.html (+11ms) 
07:56:53   ├─ /auth/03-csrf/index.html (+30ms) 
07:56:53   ├─ /auth/04-xss/index.html (+10ms) 
07:56:53   ├─ /auth/05-password-hashing/index.html (+13ms) 
07:56:53   ├─ /auth/06-encryption-http-auth/index.html (+11ms) 
07:56:53   ├─ /auth/07-authentication-authorization/index.html (+11ms) 
07:56:53   ├─ /auth/08-jwt-security/index.html (+9ms) 
07:56:53   ├─ /auth/09-federation-saml-oidc/index.html (+9ms) 
07:56:53   ├─ /auth/10-oauth-concepts-tokens/index.html (+8ms) 
07:56:53   ├─ /auth/11-oauth-flows-pkce-device/index.html (+9ms) 
07:56:53   ├─ /auth/12-oauth-oidc-security/index.html (+9ms) 
07:56:53   ├─ /auth/13-account-lifecycle/index.html (+8ms) 
07:56:53   ├─ /auth/14-mfa-passkeys/index.html (+9ms) 
07:56:53   ├─ /auth/15-api-keys-machine-identity/index.html (+8ms) 
07:56:53   ├─ /auth/16-advanced-authorization-multitenancy/index.html (+7ms) 
07:56:53   ├─ /auth/17-rate-limiting-abuse/index.html (+8ms) 
07:56:53   ├─ /auth/18-security-logging-audit/index.html (+10ms) 
07:56:53   ├─ /auth/19-secrets-key-management/index.html (+9ms) 
07:56:53   ├─ /auth/20-threat-modeling-authorization-testing/index.html (+8ms) 
07:56:53   ├─ /auth/21-device-sessions-breached-passwords-scim/index.html (+8ms) 
07:56:53   ├─ /auth/22-par-jar-rar-token-incidents/index.html (+8ms) 
07:56:53   ├─ /cpp/index.html (+8ms) 
07:56:53   ├─ /cpp/advanced/01-functions-containers-references/index.html (+11ms) 
07:56:53   ├─ /cpp/advanced/02-objects-stl-raii-testing/index.html (+10ms) 
07:56:53   ├─ /cpp/conditions-projects/index.html (+9ms) 
07:56:53   ├─ /cpp/conditions-projects/01-input-business-rules/index.html (+8ms) 
07:56:53   ├─ /cpp/conditions-projects/02-compilation-pipeline-diagnostics/index.html (+10ms) 
07:56:53   ├─ /cpp/conditions-projects/06-if-else-validation-nesting/index.html (+10ms) 
07:56:53   ├─ /cpp/conditions-projects/07-switch-control-flow/index.html (+9ms) 
07:56:53   ├─ /cpp/foundations/index.html (+8ms) 
07:56:53   ├─ /cpp/foundations/01-problem-solving-review/index.html (+10ms) 
07:56:53   ├─ /cpp/foundations/02-number-systems-computer-internals/index.html (+9ms) 
07:56:53   ├─ /cpp/foundations/03-setup-syntax-translation-output/index.html (+20ms) 
07:56:53   ├─ /cpp/foundations/04-types-variables-scope-encoding/index.html (+13ms) 
07:56:53   ├─ /cpp/foundations/05-operators-conversions-limits/index.html (+9ms) 
07:56:53   ├─ /cpp/foundations/06-input-source-build-errors-math/index.html (+10ms) 
07:56:53   ├─ /cpp/loops-competitive/index.html (+12ms) 
07:56:53   ├─ /cpp/loops-competitive/01-encoding-casts-math/index.html (+10ms) 
07:56:53   ├─ /cpp/loops-competitive/02-competitive-programming/index.html (+10ms) 
07:56:53   ├─ /cpp/loops-competitive/03-conditions-codeforces/index.html (+10ms) 
07:56:53   ├─ /cpp/loops-competitive/04-loops-counters-accumulators/index.html (+10ms) 
07:56:53   ├─ /database/index.html (+9ms) 
07:56:53   ├─ /database/00-sql-foundations/index.html (+8ms) 
07:56:53   ├─ /database/01-pdo-prepared-statements/index.html (+8ms) 
07:56:53   ├─ /database/02-orm-patterns/index.html (+8ms) 
07:56:53   ├─ /database/03-transactions-acid/index.html (+7ms) 
07:56:53   ├─ /database/04-isolation-locking/index.html (+8ms) 
07:56:53   ├─ /database/05-schema-indexes-migrations/index.html (+8ms) 
07:56:53   ├─ /en/index.html (+22ms) 
07:56:53   ├─ /en/auth/index.html (+9ms) 
07:56:53   ├─ /en/auth/01-session-security/index.html (+8ms) 
07:56:53   ├─ /en/auth/02-input-validation/index.html (+9ms) 
07:56:53   ├─ /en/auth/03-csrf/index.html (+9ms) 
07:56:53   ├─ /en/auth/04-xss/index.html (+8ms) 
07:56:53   ├─ /en/auth/05-password-hashing/index.html (+8ms) 
07:56:53   ├─ /en/auth/06-encryption-http-auth/index.html (+9ms) 
07:56:53   ├─ /en/auth/07-authentication-authorization/index.html (+8ms) 
07:56:53   ├─ /en/auth/08-jwt-security/index.html (+10ms) 
07:56:53   ├─ /en/auth/09-federation-saml-oidc/index.html (+13ms) 
07:56:53   ├─ /en/auth/10-oauth-concepts-tokens/index.html (+9ms) 
07:56:53   ├─ /en/auth/11-oauth-flows-pkce-device/index.html (+9ms) 
07:56:53   ├─ /en/auth/12-oauth-oidc-security/index.html (+9ms) 
07:56:53   ├─ /en/auth/13-account-lifecycle/index.html (+10ms) 
07:56:53   ├─ /en/auth/14-mfa-passkeys/index.html (+26ms) 
07:56:54   ├─ /en/auth/15-api-keys-machine-identity/index.html (+9ms) 
07:56:54   ├─ /en/auth/16-advanced-authorization-multitenancy/index.html (+7ms) 
07:56:54   ├─ /en/auth/17-rate-limiting-abuse/index.html (+8ms) 
07:56:54   ├─ /en/auth/18-security-logging-audit/index.html (+8ms) 
07:56:54   ├─ /en/auth/19-secrets-key-management/index.html (+8ms) 
07:56:54   ├─ /en/auth/20-threat-modeling-authorization-testing/index.html (+8ms) 
07:56:54   ├─ /en/auth/21-device-sessions-breached-passwords-scim/index.html (+8ms) 
07:56:54   ├─ /en/auth/22-par-jar-rar-token-incidents/index.html (+8ms) 
07:56:54   ├─ /en/cpp/index.html (+9ms) 
07:56:54   ├─ /en/cpp/advanced/01-functions-containers-references/index.html (+10ms) 
07:56:54   ├─ /en/cpp/advanced/02-objects-stl-raii-testing/index.html (+10ms) 
07:56:54   ├─ /en/cpp/conditions-projects/index.html (+7ms) 
07:56:54   ├─ /en/cpp/conditions-projects/01-input-business-rules/index.html (+8ms) 
07:56:54   ├─ /en/cpp/conditions-projects/02-compilation-pipeline-diagnostics/index.html (+8ms) 
07:56:54   ├─ /en/cpp/conditions-projects/06-if-else-validation-nesting/index.html (+9ms) 
07:56:54   ├─ /en/cpp/conditions-projects/07-switch-control-flow/index.html (+9ms) 
07:56:54   ├─ /en/cpp/foundations/index.html (+8ms) 
07:56:54   ├─ /en/cpp/foundations/01-problem-solving-review/index.html (+9ms) 
07:56:54   ├─ /en/cpp/foundations/02-number-systems-computer-internals/index.html (+9ms) 
07:56:54   ├─ /en/cpp/foundations/03-setup-syntax-translation-output/index.html (+9ms) 
07:56:54   ├─ /en/cpp/foundations/04-types-variables-scope-encoding/index.html (+8ms) 
07:56:54   ├─ /en/cpp/foundations/05-operators-conversions-limits/index.html (+10ms) 
07:56:54   ├─ /en/cpp/foundations/06-input-source-build-errors-math/index.html (+8ms) 
07:56:54   ├─ /en/cpp/loops-competitive/index.html (+11ms) 
07:56:54   ├─ /en/cpp/loops-competitive/01-encoding-casts-math/index.html (+10ms) 
07:56:54   ├─ /en/cpp/loops-competitive/02-competitive-programming/index.html (+9ms) 
07:56:54   ├─ /en/cpp/loops-competitive/03-conditions-codeforces/index.html (+9ms) 
07:56:54   ├─ /en/cpp/loops-competitive/04-loops-counters-accumulators/index.html (+10ms) 
07:56:54   ├─ /en/database/index.html (+8ms) 
07:56:54   ├─ /en/database/00-sql-foundations/index.html (+8ms) 
07:56:54   ├─ /en/database/01-pdo-prepared-statements/index.html (+10ms) 
07:56:54   ├─ /en/database/02-orm-patterns/index.html (+9ms) 
07:56:54   ├─ /en/database/03-transactions-acid/index.html (+26ms) 
07:56:54   ├─ /en/database/04-isolation-locking/index.html (+11ms) 
07:56:54   ├─ /en/database/05-schema-indexes-migrations/index.html (+9ms) 
07:56:54   ├─ /en/oop/index.html (+8ms) 
07:56:54   ├─ /en/oop/01-classes-objects-encapsulation/index.html (+8ms) 
07:56:54   ├─ /en/oop/02-inheritance-polymorphism/index.html (+7ms) 
07:56:54   ├─ /en/oop/03-traits/index.html (+8ms) 
07:56:54   ├─ /en/oop/04-abstraction-interfaces/index.html (+8ms) 
07:56:54   ├─ /en/oop/05-constants-static/index.html (+8ms) 
07:56:54   ├─ /en/oop/06-constructors-readonly-di/index.html (+7ms) 
07:56:54   ├─ /en/oop/07-magic-methods-cloning/index.html (+7ms) 
07:56:54   ├─ /en/oop/08-review-checklist/index.html (+7ms) 
07:56:54   ├─ /en/php/index.html (+7ms) 
07:56:54   ├─ /en/php-runtime/index.html (+8ms) 
07:56:54   ├─ /en/php-runtime/01-composer-dependencies/index.html (+7ms) 
07:56:54   ├─ /en/php-runtime/02-curl-http-clients/index.html (+8ms) 
07:56:54   ├─ /en/php-runtime/03-opcache-preloading/index.html (+8ms) 
07:56:54   ├─ /en/php-runtime/04-memory-garbage-collection/index.html (+7ms) 
07:56:54   ├─ /en/php-runtime/05-php-fpm-processes/index.html (+7ms) 
07:56:54   ├─ /en/php-runtime/06-web-servers-fastcgi/index.html (+7ms) 
07:56:54   ├─ /en/php-runtime/07-environment-configuration/index.html (+8ms) 
07:56:54   ├─ /en/php-runtime/08-cli-ini-extensions/index.html (+7ms) 
07:56:54   ├─ /en/php-runtime/09-logging-observability/index.html (+8ms) 
07:56:54   ├─ /en/php-runtime/10-testing-quality/index.html (+8ms) 
07:56:54   ├─ /en/php-runtime/11-data-caching-redis/index.html (+9ms) 
07:56:54   ├─ /en/php-runtime/12-queues-workers-scheduling/index.html (+8ms) 
07:56:54   ├─ /en/php-runtime/13-deployment-cicd-containers/index.html (+7ms) 
07:56:54   ├─ /en/php-runtime/14-dependency-supply-chain-security/index.html (+7ms) 
07:56:54   ├─ /en/php-runtime/15-profiling-slo-opentelemetry/index.html (+7ms) 
07:56:54   ├─ /en/php-runtime/16-resilience-workers/index.html (+8ms) 
07:56:54   ├─ /en/php-runtime/17-disaster-recovery/index.html (+9ms) 
07:56:54   ├─ /en/php/00-lab-setup/index.html (+7ms) 
07:56:54   ├─ /en/php/01-introduction-and-syntax/index.html (+8ms) 
07:56:54   ├─ /en/php/02-variables-scope-superglobals/index.html (+23ms) 
07:56:54   ├─ /en/php/03-types/index.html (+9ms) 
07:56:54   ├─ /en/php/04-output-debugging-constants/index.html (+7ms) 
07:56:54   ├─ /en/php/05-control-flow/index.html (+7ms) 
07:56:54   ├─ /en/php/06-expressions-operators/index.html (+7ms) 
07:56:54   ├─ /en/php/07-functions-and-includes/index.html (+7ms) 
07:56:54   ├─ /en/php/08-files-streams-data/index.html (+8ms) 
07:56:54   ├─ /en/php/09-uploads-cookies-sessions/index.html (+9ms) 
07:56:54   ├─ /en/php/10-namespaces-autoloading/index.html (+9ms) 
07:56:54   ├─ /en/php/11-errors-exceptions/index.html (+10ms) 
07:56:54   ├─ /en/php/12-arrays-functional-tools/index.html (+9ms) 
07:56:54   ├─ /en/php/13-strings-unicode-regex/index.html (+8ms) 
07:56:54   ├─ /en/php/14-datetime-timezones/index.html (+9ms) 
07:56:54   ├─ /en/php/15-request-router-response/index.html (+9ms) 
07:56:54   ├─ /en/php/16-modern-php-features/index.html (+9ms) 
07:56:54   ├─ /en/php/17-integrated-programs-debugging/index.html (+8ms) 
07:56:54   ├─ /en/programming-basics/index.html (+7ms) 
07:56:54   ├─ /en/programming-basics/01-web-and-request-flow/index.html (+7ms) 
07:56:54   ├─ /en/programming-basics/02-dns-and-ip/index.html (+7ms) 
07:56:54   ├─ /en/programming-basics/03-tcp-udp-packets/index.html (+7ms) 
07:56:54   ├─ /en/programming-basics/04-url-ports-http/index.html (+8ms) 
07:56:54   ├─ /en/programming-basics/05-http-messages-state/index.html (+8ms) 
07:56:54   ├─ /en/programming-basics/06-https-tls-certificates/index.html (+8ms) 
07:56:54   ├─ /en/programming-basics/07-server-side-path/index.html (+7ms) 
07:56:54   ├─ /en/programming-basics/08-problem-solving-algorithms/index.html (+7ms) 
07:56:54   ├─ /en/programming-basics/08-server-proxy-api-gateway/index.html (+7ms) 
07:56:54   ├─ /en/programming-basics/09-browser-rendering-devtools/index.html (+7ms) 
07:56:54   ├─ /en/programming-basics/10-http-caching-compression/index.html (+7ms) 
07:56:54   ├─ /en/programming-basics/11-same-origin-cors/index.html (+7ms) 
07:56:54   ├─ /en/programming-basics/12-realtime-webhooks/index.html (+7ms) 
07:56:54   ├─ /en/programming-basics/13-api-design/index.html (+6ms) 
07:56:54   ├─ /en/programming-basics/14-network-layers-lan-ethernet-arp/index.html (+6ms) 
07:56:54   ├─ /en/programming-basics/15-addressing-dhcp-nat-routing-ipv6/index.html (+6ms) 
07:56:54   ├─ /en/programming-basics/16-http2-http3-quic/index.html (+20ms) 
07:56:54   ├─ /en/programming-basics/17-proxies-cdn-waf-observability/index.html (+8ms) 
07:56:54   ├─ /en/programming-basics/18-wifi-practical-basics/index.html (+7ms) 
07:56:54   ├─ /en/programming-basics/computer-fundamentals/index.html (+8ms) 
07:56:54   ├─ /en/programming-basics/computer-fundamentals/01-learning-roadmap/index.html (+7ms) 
07:56:54   ├─ /en/programming-basics/computer-fundamentals/01-using-your-computer/index.html (+8ms) 
07:56:54   ├─ /en/programming-basics/computer-fundamentals/02-binary-data-representation/index.html (+8ms) 
07:56:54   ├─ /en/programming-basics/computer-fundamentals/02-computers-data-processing/index.html (+9ms) 
07:56:54   ├─ /en/programming-basics/computer-fundamentals/02-files-and-folders/index.html (+7ms) 
07:56:54   ├─ /en/programming-basics/computer-fundamentals/03-binary-languages-algorithms/index.html (+9ms) 
07:56:54   ├─ /en/programming-basics/computer-fundamentals/03-hardware-architecture/index.html (+9ms) 
07:56:54   ├─ /en/programming-basics/computer-fundamentals/03-programs-installation-safety/index.html (+11ms) 
07:56:54   ├─ /en/programming-basics/computer-fundamentals/04-cpu-gpu/index.html (+9ms) 
07:56:54   ├─ /en/programming-basics/computer-fundamentals/04-tech-fields-ai-engineering-mindset/index.html (+9ms) 
07:56:54   ├─ /en/programming-basics/computer-fundamentals/05-os-terminal-files-git/index.html (+9ms) 
07:56:54   ├─ /en/programming-basics/computer-fundamentals/05-ram-memory-buffers/index.html (+7ms) 
07:56:54   ├─ /en/programming-basics/computer-fundamentals/06-operating-systems/index.html (+9ms) 
07:56:54   ├─ /en/programming-basics/computer-fundamentals/07-internet-browser-basics/index.html (+7ms) 
07:56:55   ├─ /en/programming-basics/computer-fundamentals/08-first-program/index.html (+9ms) 
07:56:55   ├─ /en/programming-basics/computer-fundamentals/09-git-debugging/index.html (+8ms) 
07:56:55   ├─ /en/programming-basics/computer-fundamentals/09-values-and-calculations/index.html (+9ms) 
07:56:55   ├─ /en/programming-basics/computer-fundamentals/10-decisions-and-repetition/index.html (+8ms) 
07:56:55   ├─ /en/programming-basics/computer-fundamentals/11-functions-and-lists/index.html (+8ms) 
07:56:55   ├─ /en/programming-basics/computer-fundamentals/12-input-validation/index.html (+9ms) 
07:56:55   ├─ /en/programming-basics/computer-fundamentals/13-text-processing/index.html (+7ms) 
07:56:55   ├─ /en/programming-basics/computer-fundamentals/14-runtime-errors/index.html (+7ms) 
07:56:55   ├─ /en/programming-basics/computer-fundamentals/15-saving-data/index.html (+7ms) 
07:56:55   ├─ /en/programming-basics/computer-fundamentals/16-shopping-project/index.html (+8ms) 
07:56:55   ├─ /en/programming-basics/computer-in-depth/index.html (+7ms) 
07:56:55   ├─ /en/programming-basics/computer-in-depth/01-learning-roadmap/index.html (+6ms) 
07:56:55   ├─ /en/programming-basics/computer-in-depth/02-computers-data-processing/index.html (+8ms) 
07:56:55   ├─ /en/programming-basics/computer-in-depth/03-binary-languages-algorithms/index.html (+8ms) 
07:56:55   ├─ /en/programming-basics/computer-in-depth/03-hardware-architecture/index.html (+9ms) 
07:56:55   ├─ /en/programming-basics/computer-in-depth/04-cpu-gpu/index.html (+7ms) 
07:56:55   ├─ /en/programming-basics/computer-in-depth/04-tech-fields-ai-engineering-mindset/index.html (+23ms) 
07:56:55   ├─ /en/programming-basics/computer-in-depth/05-os-terminal-files-git/index.html (+8ms) 
07:56:55   ├─ /en/programming-basics/computer-in-depth/05-ram-memory-buffers/index.html (+8ms) 
07:56:55   ├─ /en/programming-basics/computer-in-depth/06-operating-systems/index.html (+8ms) 
07:56:55   ├─ /en/programming-basics/computer-in-depth/09-git-debugging/index.html (+8ms) 
07:56:55   ├─ /en/programming-basics/math-problem-solving/index.html (+7ms) 
07:56:55   ├─ /en/programming-basics/math-problem-solving/01-arithmetic-foundations/index.html (+8ms) 
07:56:55   ├─ /en/programming-basics/math-problem-solving/02-variables-equations-logic/index.html (+9ms) 
07:56:55   ├─ /en/programming-basics/math-problem-solving/03-applied-math-graphs-primes/index.html (+9ms) 
07:56:55   ├─ /en/programming-basics/math-problem-solving/04-computational-thinking/index.html (+9ms) 
07:56:55   ├─ /en/programming-basics/math-problem-solving/05-algorithms-pseudocode-decision-trees/index.html (+9ms) 
07:56:55   ├─ /en/programming-basics/math-problem-solving/06-flowcharts-loops-debugging/index.html (+8ms) 
07:56:55   ├─ /en/programming-basics/networking-next/index.html (+8ms) 
07:56:55   ├─ /en/programming-basics/programming-practice/index.html (+7ms) 
07:56:55   ├─ /en/reference/example/index.html (+8ms) 
07:56:55   ├─ /index.html (+11ms) 
07:56:55   ├─ /oop/index.html (+7ms) 
07:56:55   ├─ /oop/01-classes-objects-encapsulation/index.html (+10ms) 
07:56:55   ├─ /oop/02-inheritance-polymorphism/index.html (+8ms) 
07:56:55   ├─ /oop/03-traits/index.html (+8ms) 
07:56:55   ├─ /oop/04-abstraction-interfaces/index.html (+8ms) 
07:56:55   ├─ /oop/05-constants-static/index.html (+8ms) 
07:56:55   ├─ /oop/06-constructors-readonly-di/index.html (+7ms) 
07:56:55   ├─ /oop/07-magic-methods-cloning/index.html (+8ms) 
07:56:55   ├─ /oop/08-review-checklist/index.html (+7ms) 
07:56:55   ├─ /php/index.html (+9ms) 
07:56:55   ├─ /php-runtime/index.html (+12ms) 
07:56:55   ├─ /php-runtime/01-composer-dependencies/index.html (+9ms) 
07:56:55   ├─ /php-runtime/02-curl-http-clients/index.html (+13ms) 
07:56:55   ├─ /php-runtime/03-opcache-preloading/index.html (+8ms) 
07:56:55   ├─ /php-runtime/04-memory-garbage-collection/index.html (+8ms) 
07:56:55   ├─ /php-runtime/05-php-fpm-processes/index.html (+8ms) 
07:56:55   ├─ /php-runtime/06-web-servers-fastcgi/index.html (+7ms) 
07:56:55   ├─ /php-runtime/07-environment-configuration/index.html (+7ms) 
07:56:55   ├─ /php-runtime/08-cli-ini-extensions/index.html (+7ms) 
07:56:55   ├─ /php-runtime/09-logging-observability/index.html (+20ms) 
07:56:55   ├─ /php-runtime/10-testing-quality/index.html (+8ms) 
07:56:55   ├─ /php-runtime/11-data-caching-redis/index.html (+9ms) 
07:56:55   ├─ /php-runtime/12-queues-workers-scheduling/index.html (+8ms) 
07:56:55   ├─ /php-runtime/13-deployment-cicd-containers/index.html (+8ms) 
07:56:55   ├─ /php-runtime/14-dependency-supply-chain-security/index.html (+7ms) 
07:56:55   ├─ /php-runtime/15-profiling-slo-opentelemetry/index.html (+8ms) 
07:56:55   ├─ /php-runtime/16-resilience-workers/index.html (+8ms) 
07:56:55   ├─ /php-runtime/17-disaster-recovery/index.html (+8ms) 
07:56:55   ├─ /php/00-lab-setup/index.html (+7ms) 
07:56:55   ├─ /php/01-introduction-and-syntax/index.html (+8ms) 
07:56:55   ├─ /php/02-variables-scope-superglobals/index.html (+10ms) 
07:56:55   ├─ /php/03-types/index.html (+8ms) 
07:56:55   ├─ /php/04-output-debugging-constants/index.html (+8ms) 
07:56:55   ├─ /php/05-control-flow/index.html (+9ms) 
07:56:55   ├─ /php/06-expressions-operators/index.html (+7ms) 
07:56:55   ├─ /php/07-functions-and-includes/index.html (+7ms) 
07:56:55   ├─ /php/08-files-streams-data/index.html (+8ms) 
07:56:55   ├─ /php/09-uploads-cookies-sessions/index.html (+9ms) 
07:56:55   ├─ /php/10-namespaces-autoloading/index.html (+9ms) 
07:56:55   ├─ /php/11-errors-exceptions/index.html (+7ms) 
07:56:55   ├─ /php/12-arrays-functional-tools/index.html (+9ms) 
07:56:55   ├─ /php/13-strings-unicode-regex/index.html (+8ms) 
07:56:55   ├─ /php/14-datetime-timezones/index.html (+9ms) 
07:56:55   ├─ /php/15-request-router-response/index.html (+7ms) 
07:56:55   ├─ /php/16-modern-php-features/index.html (+9ms) 
07:56:55   ├─ /php/17-integrated-programs-debugging/index.html (+8ms) 
07:56:55   ├─ /programming-basics/index.html (+9ms) 
07:56:55   ├─ /programming-basics/01-web-and-request-flow/index.html (+7ms) 
07:56:55   ├─ /programming-basics/02-dns-and-ip/index.html (+7ms) 
07:56:55   ├─ /programming-basics/03-tcp-udp-packets/index.html (+9ms) 
07:56:55   ├─ /programming-basics/04-url-ports-http/index.html (+7ms) 
07:56:55   ├─ /programming-basics/05-http-messages-state/index.html (+7ms) 
07:56:55   ├─ /programming-basics/06-https-tls-certificates/index.html (+22ms) 
07:56:55   ├─ /programming-basics/07-server-side-path/index.html (+8ms) 
07:56:55   ├─ /programming-basics/08-problem-solving-algorithms/index.html (+8ms) 
07:56:55   ├─ /programming-basics/08-server-proxy-api-gateway/index.html (+7ms) 
07:56:55   ├─ /programming-basics/09-browser-rendering-devtools/index.html (+7ms) 
07:56:55   ├─ /programming-basics/10-http-caching-compression/index.html (+7ms) 
07:56:55   ├─ /programming-basics/11-same-origin-cors/index.html (+9ms) 
07:56:55   ├─ /programming-basics/12-realtime-webhooks/index.html (+7ms) 
07:56:55   ├─ /programming-basics/13-api-design/index.html (+8ms) 
07:56:55   ├─ /programming-basics/14-network-layers-lan-ethernet-arp/index.html (+7ms) 
07:56:55   ├─ /programming-basics/15-addressing-dhcp-nat-routing-ipv6/index.html (+7ms) 
07:56:55   ├─ /programming-basics/16-http2-http3-quic/index.html (+8ms) 
07:56:55   ├─ /programming-basics/17-proxies-cdn-waf-observability/index.html (+7ms) 
07:56:55   ├─ /programming-basics/18-wifi-practical-basics/index.html (+7ms) 
07:56:55   ├─ /programming-basics/computer-fundamentals/index.html (+7ms) 
07:56:55   ├─ /programming-basics/computer-fundamentals/01-learning-roadmap/index.html (+7ms) 
07:56:55   ├─ /programming-basics/computer-fundamentals/01-using-your-computer/index.html (+7ms) 
07:56:55   ├─ /programming-basics/computer-fundamentals/02-binary-data-representation/index.html (+7ms) 
07:56:55   ├─ /programming-basics/computer-fundamentals/02-computers-data-processing/index.html (+10ms) 
07:56:55   ├─ /programming-basics/computer-fundamentals/02-files-and-folders/index.html (+10ms) 
07:56:55   ├─ /programming-basics/computer-fundamentals/03-binary-languages-algorithms/index.html (+7ms) 
07:56:55   ├─ /programming-basics/computer-fundamentals/03-hardware-architecture/index.html (+7ms) 
07:56:55   ├─ /programming-basics/computer-fundamentals/03-programs-installation-safety/index.html (+7ms) 
07:56:55   ├─ /programming-basics/computer-fundamentals/04-cpu-gpu/index.html (+7ms) 
07:56:55   ├─ /programming-basics/computer-fundamentals/04-tech-fields-ai-engineering-mindset/index.html (+7ms) 
07:56:55   ├─ /programming-basics/computer-fundamentals/05-os-terminal-files-git/index.html (+7ms) 
07:56:55   ├─ /programming-basics/computer-fundamentals/05-ram-memory-buffers/index.html (+7ms) 
07:56:55   ├─ /programming-basics/computer-fundamentals/06-operating-systems/index.html (+7ms) 
07:56:55   ├─ /programming-basics/computer-fundamentals/07-internet-browser-basics/index.html (+8ms) 
07:56:55   ├─ /programming-basics/computer-fundamentals/08-first-program/index.html (+8ms) 
07:56:55   ├─ /programming-basics/computer-fundamentals/09-git-debugging/index.html (+7ms) 
07:56:55   ├─ /programming-basics/computer-fundamentals/09-values-and-calculations/index.html (+9ms) 
07:56:55   ├─ /programming-basics/computer-fundamentals/10-decisions-and-repetition/index.html (+8ms) 
07:56:55   ├─ /programming-basics/computer-fundamentals/11-functions-and-lists/index.html (+8ms) 
07:56:55   ├─ /programming-basics/computer-fundamentals/12-input-validation/index.html (+8ms) 
07:56:56   ├─ /programming-basics/computer-fundamentals/13-text-processing/index.html (+21ms) 
07:56:56   ├─ /programming-basics/computer-fundamentals/14-runtime-errors/index.html (+7ms) 
07:56:56   ├─ /programming-basics/computer-fundamentals/15-saving-data/index.html (+7ms) 
07:56:56   ├─ /programming-basics/computer-fundamentals/16-shopping-project/index.html (+8ms) 
07:56:56   ├─ /programming-basics/computer-in-depth/index.html (+7ms) 
07:56:56   ├─ /programming-basics/computer-in-depth/01-learning-roadmap/index.html (+9ms) 
07:56:56   ├─ /programming-basics/computer-in-depth/02-computers-data-processing/index.html (+8ms) 
07:56:56   ├─ /programming-basics/computer-in-depth/03-binary-languages-algorithms/index.html (+8ms) 
07:56:56   ├─ /programming-basics/computer-in-depth/03-hardware-architecture/index.html (+7ms) 
07:56:56   ├─ /programming-basics/computer-in-depth/04-cpu-gpu/index.html (+7ms) 
07:56:56   ├─ /programming-basics/computer-in-depth/04-tech-fields-ai-engineering-mindset/index.html (+6ms) 
07:56:56   ├─ /programming-basics/computer-in-depth/05-os-terminal-files-git/index.html (+8ms) 
07:56:56   ├─ /programming-basics/computer-in-depth/05-ram-memory-buffers/index.html (+7ms) 
07:56:56   ├─ /programming-basics/computer-in-depth/06-operating-systems/index.html (+8ms) 
07:56:56   ├─ /programming-basics/computer-in-depth/09-git-debugging/index.html (+8ms) 
07:56:56   ├─ /programming-basics/math-problem-solving/index.html (+9ms) 
07:56:56   ├─ /programming-basics/math-problem-solving/01-arithmetic-foundations/index.html (+9ms) 
07:56:56   ├─ /programming-basics/math-problem-solving/02-variables-equations-logic/index.html (+8ms) 
07:56:56   ├─ /programming-basics/math-problem-solving/03-applied-math-graphs-primes/index.html (+7ms) 
07:56:56   ├─ /programming-basics/math-problem-solving/04-computational-thinking/index.html (+8ms) 
07:56:56   ├─ /programming-basics/math-problem-solving/05-algorithms-pseudocode-decision-trees/index.html (+7ms) 
07:56:56   ├─ /programming-basics/math-problem-solving/06-flowcharts-loops-debugging/index.html (+8ms) 
07:56:56   ├─ /programming-basics/networking-next/index.html (+9ms) 
07:56:56   ├─ /programming-basics/programming-practice/index.html (+7ms) 
07:56:56   ├─ /reference/example/index.html (+8ms) 
07:56:56 ✓ Completed in 3.84s.

07:56:56 [build] ✓ Completed in 16.06s.
07:56:56 [starlight:pagefind] Building search index with Pagefind...
07:56:59 [build] Waiting for integration "@astrojs/starlight", hook "astro:build:done"...
07:57:07 [starlight:pagefind] Found 338 HTML files.
07:57:09 [starlight:pagefind] Finished building search index in 13.68s.
07:57:09 [WARN] [@astrojs/sitemap] The Sitemap integration requires the `site` astro.config option. Skipping.
07:57:09 [build] 328 page(s) built in 33.19s
07:57:09 [build] Complete!
